{"type":"server-started","port":55858,"host":"127.0.0.1","url_host":"localhost","url":"http://localhost:55858","screen_dir":"C:\\Users\\eLDARi\\Documents\\VScode\\.venv\\ClientSide_PB_Script\\.superpowers\\brainstorm\\85808-1787345888\\content","state_dir":"C:\\Users\\eLDARi\\Documents\\VScode\\.venv\\ClientSide_PB_Script\\.superpowers\\brainstorm\\85808-1787345888\\state"}
{"type":"screen-added","file":"C:\\Users\\eLDARi\\Documents\\VScode\\.venv\\ClientSide_PB_Script\\.superpowers\\brainstorm\\85808-1787345888\\content\\c2-topology-options.html"}
{"source":"user-event","type":"click","text":"C. Receiver PB Per Grid\n        \n          \n            Client RTS UI + tactical planner\n            ↓\n            Fleet bridge\n            \n              Grid PB\n              Grid PB\n              Grid PB\n              Grid PB\n            \n          \n        \n      \n    \n    \n      Most Capable\n      Closest to true RTS control, but burns the PB cap fastest and needs strict command budgets on every craft.","choice":"c-every-grid-receiver","id":null,"timestamp":1787346027776}
{"type":"screen-added","file":"C:\\Users\\eLDARi\\Documents\\VScode\\.venv\\ClientSide_PB_Script\\.superpowers\\brainstorm\\85808-1787345888\\content\\waiting-after-topology.html"}
{"type":"screen-added","file":"C:\\Users\\eLDARi\\Documents\\VScode\\.venv\\ClientSide_PB_Script\\.superpowers\\brainstorm\\85808-1787345888\\content\\control-range-modes.html"}
{"source":"user-event","type":"click","text":"A. Tethered RTS\n        \n          \n            Player command ship / nearby client\n            ↕ live bridge\n            \n              FF\n              FF\n              CV\n              CV\n              CV\n            \n            Patrol, guard, pursue, regroup while grids remain visible.\n          \n        \n      \n    \n    \n      Best First Slice\n      Matches the existing bridge, supports live RTS commands, and lets the client do perception and tactical planning.","choice":"a-tethered-rts","id":null,"timestamp":1787346433185}
{"type":"screen-added","file":"C:\\Users\\eLDARi\\Documents\\VScode\\.venv\\ClientSide_PB_Script\\.superpowers\\brainstorm\\85808-1787345888\\content\\movement-control-options.html"}
{"type":"screen-added","file":"C:\\Users\\eLDARi\\Documents\\VScode\\.venv\\ClientSide_PB_Script\\.superpowers\\brainstorm\\85808-1787345888\\content\\waiting-after-movement.html"}
{"type":"screen-added","file":"C:\\Users\\eLDARi\\Documents\\VScode\\.venv\\ClientSide_PB_Script\\.superpowers\\brainstorm\\85808-1787345888\\content\\combat-envelope-roles.html"}
{"type":"screen-added","file":"C:\\Users\\eLDARi\\Documents\\VScode\\.venv\\ClientSide_PB_Script\\.superpowers\\brainstorm\\85808-1787345888\\content\\fleet-c2-module-boundary.html"}
{"source":"user-event","type":"click","text":"A. Standalone Fleet C2 App\n        \n          \n            Fleet C2 UI\n            ↕ module API\n            ClientSide PB bridge core\n            \n              PB receivers\n              Plugin snapshots\n              Worker commands\n            \n          \n        \n      \n    \n    \n      Recommended\n      Private, focused UI with its own data model. Requires the framework to expose cleaner module hooks.","choice":"a-standalone-app","id":null,"timestamp":1787347714985}
{"source":"user-event","type":"click","text":"A. Standalone Fleet C2 App\n        \n          \n            Fleet C2 UI\n            ↕ module API\n            ClientSide PB bridge core\n            \n              PB receivers\n              Plugin snapshots\n              Worker commands\n            \n          \n        \n      \n    \n    \n      Recommended\n      Private, focused UI with its own data model. Requires the framework to expose cleaner module hooks.","choice":"a-standalone-app","id":null,"timestamp":1787347748249}
{"type":"screen-added","file":"C:\\Users\\eLDARi\\Documents\\VScode\\.venv\\ClientSide_PB_Script\\.superpowers\\brainstorm\\85808-1787345888\\content\\waiting-after-module-boundary.html"}
{"type":"screen-added","file":"C:\\Users\\eLDARi\\Documents\\VScode\\.venv\\ClientSide_PB_Script\\.superpowers\\brainstorm\\85808-1787345888\\content\\registration-discovery-flow.html"}
{"type":"screen-added","file":"C:\\Users\\eLDARi\\Documents\\VScode\\.venv\\ClientSide_PB_Script\\.superpowers\\brainstorm\\85808-1787345888\\content\\role-first-order-model.html"}
{"type":"screen-added","file":"C:\\Users\\eLDARi\\Documents\\VScode\\.venv\\ClientSide_PB_Script\\.superpowers\\brainstorm\\85808-1787345888\\content\\role-first-order-model-v2.html"}
{"type":"screen-added","file":"C:\\Users\\eLDARi\\Documents\\VScode\\.venv\\ClientSide_PB_Script\\.superpowers\\brainstorm\\85808-1787345888\\content\\v1-orders-state-model.html"}
{"type":"screen-added","file":"C:\\Users\\eLDARi\\Documents\\VScode\\.venv\\ClientSide_PB_Script\\.superpowers\\brainstorm\\85808-1787345888\\content\\target-priority-model.html"}
{"type":"screen-added","file":"C:\\Users\\eLDARi\\Documents\\VScode\\.venv\\ClientSide_PB_Script\\.superpowers\\brainstorm\\85808-1787345888\\content\\control-authority-handoff.html"}
{"type":"screen-added","file":"C:\\Users\\eLDARi\\Documents\\VScode\\.venv\\ClientSide_PB_Script\\.superpowers\\brainstorm\\85808-1787345888\\content\\receiver-failover-state.html"}
{"type":"screen-added","file":"C:\\Users\\eLDARi\\Documents\\VScode\\.venv\\ClientSide_PB_Script\\.superpowers\\brainstorm\\85808-1787345888\\content\\fleet-c2-ui-layout.html"}
{"type":"screen-added","file":"C:\\Users\\eLDARi\\Documents\\VScode\\.venv\\ClientSide_PB_Script\\.superpowers\\brainstorm\\85808-1787345888\\content\\abstract-3d-map-model.html"}
{"type":"screen-updated","file":"C:\\Users\\eLDARi\\Documents\\VScode\\.venv\\ClientSide_PB_Script\\.superpowers\\brainstorm\\85808-1787345888\\content\\c2-topology-options.html"}
{"type":"server-stopped","reason":"idle timeout"}
